// Jest Snapshot v1, https://goo.gl/fbAQLP

exports[`Search Modal renders 1`] = `
ShallowWrapper {
  Symbol(enzyme.__root__): [Circular],
  Symbol(enzyme.__unrendered__): <EventCard
    featuredImage=""
    id=""
    socialEvent={Object {}}
    startDate=""
    title=""
  />,
  Symbol(enzyme.__renderer__): Object {
    "batchedUpdates": [Function],
    "getNode": [Function],
    "render": [Function],
    "simulateError": [Function],
    "simulateEvent": [Function],
    "unmount": [Function],
  },
  Symbol(enzyme.__node__): Object {
    "instance": null,
    "key": undefined,
    "nodeType": "class",
    "props": Object {
      "children": <div
        className="event-card"
      >
        <div
          className="event-card__gradient"
        >
          <img
            alt=""
            className="event-card__picture"
            src="/assets/img/img_group_selfie.jpg"
          />
        </div>
        <div
          className="event-card__label"
        >
          <p>
            Lagos
          </p>
        </div>
        <div
          className="event-card__action"
        >
          <p
            className="event-card__slack"
          >
            <SlackIcon
              color="black"
              width="100%"
            />
          </p>
        </div>
        <div
          className="event-card__caption-group"
        >
          <div
            className="event-card__date"
          >
            <p
              className="event-card__month"
            />
            <p
              className="event-card__day"
            >
              NaN
            </p>
          </div>
          <div
            className="event-card__details"
          >
            <p
              className="event-card__caption event-card__caption--title"
            >
              Swimming Meetup
            </p>
            <p
              className="event-card__caption event-card__caption--date"
            >
              Invalid Date
            </p>
            <p
              className="event-card__caption event-card__caption--tags"
            >
              #undefined
            </p>
          </div>
        </div>
      </div>,
      "className": "event-link",
      "replace": false,
      "to": "/events/",
    },
    "ref": null,
    "rendered": Object {
      "instance": null,
      "key": undefined,
      "nodeType": "host",
      "props": Object {
        "children": Array [
          <div
            className="event-card__gradient"
          >
            <img
              alt=""
              className="event-card__picture"
              src="/assets/img/img_group_selfie.jpg"
            />
          </div>,
          <div
            className="event-card__label"
          >
            <p>
              Lagos
            </p>
          </div>,
          <div
            className="event-card__action"
          >
            <p
              className="event-card__slack"
            >
              <SlackIcon
                color="black"
                width="100%"
              />
            </p>
          </div>,
          <div
            className="event-card__caption-group"
          >
            <div
              className="event-card__date"
            >
              <p
                className="event-card__month"
              />
              <p
                className="event-card__day"
              >
                NaN
              </p>
            </div>
            <div
              className="event-card__details"
            >
              <p
                className="event-card__caption event-card__caption--title"
              >
                Swimming Meetup
              </p>
              <p
                className="event-card__caption event-card__caption--date"
              >
                Invalid Date
              </p>
              <p
                className="event-card__caption event-card__caption--tags"
              >
                #undefined
              </p>
            </div>
          </div>,
        ],
        "className": "event-card",
      },
      "ref": null,
      "rendered": Array [
        Object {
          "instance": null,
          "key": undefined,
          "nodeType": "host",
          "props": Object {
            "children": <img
              alt=""
              className="event-card__picture"
              src="/assets/img/img_group_selfie.jpg"
            />,
            "className": "event-card__gradient",
          },
          "ref": null,
          "rendered": Object {
            "instance": null,
            "key": undefined,
            "nodeType": "host",
            "props": Object {
              "alt": "",
              "className": "event-card__picture",
              "src": "/assets/img/img_group_selfie.jpg",
            },
            "ref": null,
            "rendered": null,
            "type": "img",
          },
          "type": "div",
        },
        Object {
          "instance": null,
          "key": undefined,
          "nodeType": "host",
          "props": Object {
            "children": <p>
              Lagos
            </p>,
            "className": "event-card__label",
          },
          "ref": null,
          "rendered": Object {
            "instance": null,
            "key": undefined,
            "nodeType": "host",
            "props": Object {
              "children": "Lagos",
            },
            "ref": null,
            "rendered": "Lagos",
            "type": "p",
          },
          "type": "div",
        },
        Object {
          "instance": null,
          "key": undefined,
          "nodeType": "host",
          "props": Object {
            "children": <p
              className="event-card__slack"
            >
              <SlackIcon
                color="black"
                width="100%"
              />
            </p>,
            "className": "event-card__action",
          },
          "ref": null,
          "rendered": Object {
            "instance": null,
            "key": undefined,
            "nodeType": "host",
            "props": Object {
              "children": <SlackIcon
                color="black"
                width="100%"
              />,
              "className": "event-card__slack",
            },
            "ref": null,
            "rendered": Object {
              "instance": null,
              "key": undefined,
              "nodeType": "function",
              "props": Object {
                "color": "black",
                "width": "100%",
              },
              "ref": null,
              "rendered": null,
              "type": [Function],
            },
            "type": "p",
          },
          "type": "div",
        },
        Object {
          "instance": null,
          "key": undefined,
          "nodeType": "host",
          "props": Object {
            "children": Array [
              <div
                className="event-card__date"
              >
                <p
                  className="event-card__month"
                />
                <p
                  className="event-card__day"
                >
                  NaN
                </p>
              </div>,
              <div
                className="event-card__details"
              >
                <p
                  className="event-card__caption event-card__caption--title"
                >
                  Swimming Meetup
                </p>
                <p
                  className="event-card__caption event-card__caption--date"
                >
                  Invalid Date
                </p>
                <p
                  className="event-card__caption event-card__caption--tags"
                >
                  #undefined
                </p>
              </div>,
            ],
            "className": "event-card__caption-group",
          },
          "ref": null,
          "rendered": Array [
            Object {
              "instance": null,
              "key": undefined,
              "nodeType": "host",
              "props": Object {
                "children": Array [
                  <p
                    className="event-card__month"
                  />,
                  <p
                    className="event-card__day"
                  >
                    NaN
                  </p>,
                ],
                "className": "event-card__date",
              },
              "ref": null,
              "rendered": Array [
                Object {
                  "instance": null,
                  "key": undefined,
                  "nodeType": "host",
                  "props": Object {
                    "children": undefined,
                    "className": "event-card__month",
                  },
                  "ref": null,
                  "rendered": null,
                  "type": "p",
                },
                Object {
                  "instance": null,
                  "key": undefined,
                  "nodeType": "host",
                  "props": Object {
                    "children": NaN,
                    "className": "event-card__day",
                  },
                  "ref": null,
                  "rendered": NaN,
                  "type": "p",
                },
              ],
              "type": "div",
            },
            Object {
              "instance": null,
              "key": undefined,
              "nodeType": "host",
              "props": Object {
                "children": Array [
                  <p
                    className="event-card__caption event-card__caption--title"
                  >
                    Swimming Meetup
                  </p>,
                  <p
                    className="event-card__caption event-card__caption--date"
                  >
                    Invalid Date
                  </p>,
                  <p
                    className="event-card__caption event-card__caption--tags"
                  >
                    #undefined
                  </p>,
                ],
                "className": "event-card__details",
              },
              "ref": null,
              "rendered": Array [
                Object {
                  "instance": null,
                  "key": undefined,
                  "nodeType": "host",
                  "props": Object {
                    "children": "Swimming Meetup",
                    "className": "event-card__caption event-card__caption--title",
                  },
                  "ref": null,
                  "rendered": "Swimming Meetup",
                  "type": "p",
                },
                Object {
                  "instance": null,
                  "key": undefined,
                  "nodeType": "host",
                  "props": Object {
                    "children": "Invalid Date",
                    "className": "event-card__caption event-card__caption--date",
                  },
                  "ref": null,
                  "rendered": "Invalid Date",
                  "type": "p",
                },
                Object {
                  "instance": null,
                  "key": undefined,
                  "nodeType": "host",
                  "props": Object {
                    "children": "#undefined",
                    "className": "event-card__caption event-card__caption--tags",
                  },
                  "ref": null,
                  "rendered": "#undefined",
                  "type": "p",
                },
              ],
              "type": "div",
            },
          ],
          "type": "div",
        },
      ],
      "type": "div",
    },
    "type": [Function],
  },
  Symbol(enzyme.__nodes__): Array [
    Object {
      "instance": null,
      "key": undefined,
      "nodeType": "class",
      "props": Object {
        "children": <div
          className="event-card"
        >
          <div
            className="event-card__gradient"
          >
            <img
              alt=""
              className="event-card__picture"
              src="/assets/img/img_group_selfie.jpg"
            />
          </div>
          <div
            className="event-card__label"
          >
            <p>
              Lagos
            </p>
          </div>
          <div
            className="event-card__action"
          >
            <p
              className="event-card__slack"
            >
              <SlackIcon
                color="black"
                width="100%"
              />
            </p>
          </div>
          <div
            className="event-card__caption-group"
          >
            <div
              className="event-card__date"
            >
              <p
                className="event-card__month"
              />
              <p
                className="event-card__day"
              >
                NaN
              </p>
            </div>
            <div
              className="event-card__details"
            >
              <p
                className="event-card__caption event-card__caption--title"
              >
                Swimming Meetup
              </p>
              <p
                className="event-card__caption event-card__caption--date"
              >
                Invalid Date
              </p>
              <p
                className="event-card__caption event-card__caption--tags"
              >
                #undefined
              </p>
            </div>
          </div>
        </div>,
        "className": "event-link",
        "replace": false,
        "to": "/events/",
      },
      "ref": null,
      "rendered": Object {
        "instance": null,
        "key": undefined,
        "nodeType": "host",
        "props": Object {
          "children": Array [
            <div
              className="event-card__gradient"
            >
              <img
                alt=""
                className="event-card__picture"
                src="/assets/img/img_group_selfie.jpg"
              />
            </div>,
            <div
              className="event-card__label"
            >
              <p>
                Lagos
              </p>
            </div>,
            <div
              className="event-card__action"
            >
              <p
                className="event-card__slack"
              >
                <SlackIcon
                  color="black"
                  width="100%"
                />
              </p>
            </div>,
            <div
              className="event-card__caption-group"
            >
              <div
                className="event-card__date"
              >
                <p
                  className="event-card__month"
                />
                <p
                  className="event-card__day"
                >
                  NaN
                </p>
              </div>
              <div
                className="event-card__details"
              >
                <p
                  className="event-card__caption event-card__caption--title"
                >
                  Swimming Meetup
                </p>
                <p
                  className="event-card__caption event-card__caption--date"
                >
                  Invalid Date
                </p>
                <p
                  className="event-card__caption event-card__caption--tags"
                >
                  #undefined
                </p>
              </div>
            </div>,
          ],
          "className": "event-card",
        },
        "ref": null,
        "rendered": Array [
          Object {
            "instance": null,
            "key": undefined,
            "nodeType": "host",
            "props": Object {
              "children": <img
                alt=""
                className="event-card__picture"
                src="/assets/img/img_group_selfie.jpg"
              />,
              "className": "event-card__gradient",
            },
            "ref": null,
            "rendered": Object {
              "instance": null,
              "key": undefined,
              "nodeType": "host",
              "props": Object {
                "alt": "",
                "className": "event-card__picture",
                "src": "/assets/img/img_group_selfie.jpg",
              },
              "ref": null,
              "rendered": null,
              "type": "img",
            },
            "type": "div",
          },
          Object {
            "instance": null,
            "key": undefined,
            "nodeType": "host",
            "props": Object {
              "children": <p>
                Lagos
              </p>,
              "className": "event-card__label",
            },
            "ref": null,
            "rendered": Object {
              "instance": null,
              "key": undefined,
              "nodeType": "host",
              "props": Object {
                "children": "Lagos",
              },
              "ref": null,
              "rendered": "Lagos",
              "type": "p",
            },
            "type": "div",
          },
          Object {
            "instance": null,
            "key": undefined,
            "nodeType": "host",
            "props": Object {
              "children": <p
                className="event-card__slack"
              >
                <SlackIcon
                  color="black"
                  width="100%"
                />
              </p>,
              "className": "event-card__action",
            },
            "ref": null,
            "rendered": Object {
              "instance": null,
              "key": undefined,
              "nodeType": "host",
              "props": Object {
                "children": <SlackIcon
                  color="black"
                  width="100%"
                />,
                "className": "event-card__slack",
              },
              "ref": null,
              "rendered": Object {
                "instance": null,
                "key": undefined,
                "nodeType": "function",
                "props": Object {
                  "color": "black",
                  "width": "100%",
                },
                "ref": null,
                "rendered": null,
                "type": [Function],
              },
              "type": "p",
            },
            "type": "div",
          },
          Object {
            "instance": null,
            "key": undefined,
            "nodeType": "host",
            "props": Object {
              "children": Array [
                <div
                  className="event-card__date"
                >
                  <p
                    className="event-card__month"
                  />
                  <p
                    className="event-card__day"
                  >
                    NaN
                  </p>
                </div>,
                <div
                  className="event-card__details"
                >
                  <p
                    className="event-card__caption event-card__caption--title"
                  >
                    Swimming Meetup
                  </p>
                  <p
                    className="event-card__caption event-card__caption--date"
                  >
                    Invalid Date
                  </p>
                  <p
                    className="event-card__caption event-card__caption--tags"
                  >
                    #undefined
                  </p>
                </div>,
              ],
              "className": "event-card__caption-group",
            },
            "ref": null,
            "rendered": Array [
              Object {
                "instance": null,
                "key": undefined,
                "nodeType": "host",
                "props": Object {
                  "children": Array [
                    <p
                      className="event-card__month"
                    />,
                    <p
                      className="event-card__day"
                    >
                      NaN
                    </p>,
                  ],
                  "className": "event-card__date",
                },
                "ref": null,
                "rendered": Array [
                  Object {
                    "instance": null,
                    "key": undefined,
                    "nodeType": "host",
                    "props": Object {
                      "children": undefined,
                      "className": "event-card__month",
                    },
                    "ref": null,
                    "rendered": null,
                    "type": "p",
                  },
                  Object {
                    "instance": null,
                    "key": undefined,
                    "nodeType": "host",
                    "props": Object {
                      "children": NaN,
                      "className": "event-card__day",
                    },
                    "ref": null,
                    "rendered": NaN,
                    "type": "p",
                  },
                ],
                "type": "div",
              },
              Object {
                "instance": null,
                "key": undefined,
                "nodeType": "host",
                "props": Object {
                  "children": Array [
                    <p
                      className="event-card__caption event-card__caption--title"
                    >
                      Swimming Meetup
                    </p>,
                    <p
                      className="event-card__caption event-card__caption--date"
                    >
                      Invalid Date
                    </p>,
                    <p
                      className="event-card__caption event-card__caption--tags"
                    >
                      #undefined
                    </p>,
                  ],
                  "className": "event-card__details",
                },
                "ref": null,
                "rendered": Array [
                  Object {
                    "instance": null,
                    "key": undefined,
                    "nodeType": "host",
                    "props": Object {
                      "children": "Swimming Meetup",
                      "className": "event-card__caption event-card__caption--title",
                    },
                    "ref": null,
                    "rendered": "Swimming Meetup",
                    "type": "p",
                  },
                  Object {
                    "instance": null,
                    "key": undefined,
                    "nodeType": "host",
                    "props": Object {
                      "children": "Invalid Date",
                      "className": "event-card__caption event-card__caption--date",
                    },
                    "ref": null,
                    "rendered": "Invalid Date",
                    "type": "p",
                  },
                  Object {
                    "instance": null,
                    "key": undefined,
                    "nodeType": "host",
                    "props": Object {
                      "children": "#undefined",
                      "className": "event-card__caption event-card__caption--tags",
                    },
                    "ref": null,
                    "rendered": "#undefined",
                    "type": "p",
                  },
                ],
                "type": "div",
              },
            ],
            "type": "div",
          },
        ],
        "type": "div",
      },
      "type": [Function],
    },
  ],
  Symbol(enzyme.__options__): Object {
    "adapter": ReactSixteenAdapter {
      "options": Object {
        "enableComponentDidUpdateOnSetState": true,
        "lifecycles": Object {
          "componentDidUpdate": Object {
            "onSetState": true,
          },
          "getDerivedStateFromProps": true,
          "getSnapshotBeforeUpdate": true,
          "setState": Object {
            "skipsComponentDidUpdateOnNullish": true,
          },
        },
      },
    },
  },
}
`;
